<html>
<body>
<pre>
<h1>µVision Build Log</h1>
<h2>Tool Versions:</h2>
IDE-Version: ¦ÌVision V5.23.0.0
Copyright (C) 2017 ARM Ltd and ARM Germany GmbH. All rights reserved.
License Information: xxx xxxx, xxxxx, LIC=R4HJJ-U72EK-ZC8JY-IIMBQ-ZCPLD-JIJKJ
 
Tool Versions:
Toolchain:       MDK-ARM Professional  Version: 5.23
Toolchain Path:  d:\Keil_v5\ARM\ARMCC\Bin
C Compiler:      Armcc.exe V5.06 update 4 (build 422)
Assembler:       Armasm.exe V5.06 update 4 (build 422)
Linker/Locator:  ArmLink.exe V5.06 update 4 (build 422)
Library Manager: ArmAr.exe V5.06 update 4 (build 422)
Hex Converter:   FromElf.exe V5.06 update 4 (build 422)
CPU DLL:         SARMCM3.DLL V5.23
Dialog DLL:      DCM.DLL V1.15.0.0
Target DLL:      Segger\JL2CM3.dll V2.99.23.0
Dialog DLL:      TCM.DLL V1.27.0.0
 
<h2>Project:</h2>
E:\workStation\SVN\EGS701GB-III\trunk\FW\src\app\MDK\EGS701-III.uvproj
Project File Date:  06/25/2018

<h2>Output:</h2>
*** Using Compiler 'V5.06 update 4 (build 422)', folder: 'd:\Keil_v5\ARM\ARMCC\Bin'
Rebuild target 'GD32F1XX'
compiling Adc.c...
compiling adc_key.c...
compiling adc_tran_voltag.c...
compiling AreaManage.c...
compiling Blind.c...
compiling Camera_App.c...
compiling Camera_Driver.c...
compiling comm.c...
compiling Corner.c...
compiling crypt.c...
compiling downloadGB2313.c...
compiling E2ParamApp.c...
compiling E2prom_25LC320A.c...
compiling EepromPram.c...
compiling EeyeLib.c...
compiling EIExpand.c...
compiling ESpin.c...
compiling fm25c160.c...
compiling Gdi.c...
compiling Gnss_app.c...
compiling GPIOControl.c...
compiling Gps_App.c...
compiling Gps_Driver.c...
compiling HeartBeat.c...
compiling I2C.c...
compiling ICCARD_E2.c...
compiling ICCARD_M3.c...
compiling Io.c...
compiling Lcd.C...
compiling lcd_driver.C...
compiling logprintf.c...
compiling LzmSys.c...
compiling main.c...
compiling Media.c...
compiling MediaSearch.c...
compiling Menu.c...
compiling Message.c...
compiling MileMeter.c...
compiling mmc_sd.c...
compiling other.c...
compiling Phone.c...
compiling PhoneBook.c...
compiling Photo.c...
compiling Polygon.c...
compiling Public.c...
compiling queue.c...
compiling RadioProtocol.c...
compiling Report.c...
compiling route.c...
compiling rtc.c...
compiling Sleep.c...
compiling SleepDeep.c...
compiling spi.c...
compiling spi_flash.c...
compiling Spin.c...
compiling StatusAlarm.c...
compiling SystemInit.c...
compiling SysTickApp.c...
compiling TaskMenu.c...
compiling taskschedule.c...
compiling timer.c...
compiling Usart_drive.c...
compiling Usart1.c...
compiling Usart2.c...
compiling Usart3.c...
compiling NaviLcd.c...
compiling OilControl.c...
compiling stm32f10x_it.c...
compiling BMA250E.c...
compiling Lock1.c...
compiling Lock2.c...
compiling PacketUpdate.c...
compiling Card.c...
compiling Can_App.c...
compiling Can_Driver.c...
compiling JointechOiL_Protocol.c...
compiling temperature.c...
compiling DeepPlow.c...
compiling turnspeed.c...
compiling Vss.c...
compiling TTSDevApp.c...
compiling TTSDevDrv.c...
compiling A2_OBD.c...
compiling Acceleration.c...
compiling system_stm32f10x.c...
compiling core_cm3.c...
assembling startup_stm32f10x_cl.s...
compiling usb_core.c...
compiling usb_hcd.c...
compiling usb_hcd_int.c...
compiling usbh_core.c...
compiling usbh_hcs.c...
compiling usbh_ioreq.c...
compiling usbh_stdreq.c...
compiling usbh_msc_bot.c...
compiling usbh_msc_core.c...
compiling usbh_msc_fatfs.c...
compiling usbh_msc_scsi.c...
compiling fattime.c...
compiling ccsbcs.c...
compiling ff.c...
compiling usb_app.c...
compiling usb_bsp.c...
compiling usbh_usr.c...
compiling misc.c...
compiling stm32f10x_adc.c...
compiling stm32f10x_bkp.c...
compiling stm32f10x_can.c...
compiling stm32f10x_crc.c...
compiling stm32f10x_dac.c...
compiling stm32f10x_dbgmcu.c...
compiling stm32f10x_dma.c...
compiling stm32f10x_exti.c...
compiling stm32f10x_flash.c...
compiling stm32f10x_fsmc.c...
compiling stm32f10x_gpio.c...
compiling stm32f10x_i2c.c...
compiling stm32f10x_iwdg.c...
compiling stm32f10x_pwr.c...
compiling stm32f10x_rcc.c...
compiling stm32f10x_rtc.c...
compiling stm32f10x_sdio.c...
compiling stm32f10x_spi.c...
compiling stm32f10x_tim.c...
compiling stm32f10x_usart.c...
compiling stm32f10x_wwdg.c...
compiling modem_api.c...
compiling modem_app_com.c...
compiling modem_app_first.c...
compiling modem_app_other.c...
compiling modem_app_second.c...
compiling modem_bsp.c...
compiling modem_core.c...
compiling modem_debug.c...
compiling modem_lib.c...
compiling modem_port.c...
compiling modem_state.c...
compiling modem_uart.c...
compiling VDR_Card.c...
compiling VDR_Data.c...
compiling VDR_Docimasy.c...
compiling VDR_Doubt.c...
compiling VDR_Overspeed.c...
compiling VDR_Overtime.c...
compiling VDR_Parameter.c...
compiling VDR_Position.c...
compiling VDR_Power.c...
compiling VDR_Protocol.c...
compiling VDR_Pub.c...
compiling VDR_Pulse.c...
compiling VDR_Speed.c...
compiling VDR_SpeedStatus.c...
compiling VDR_Usart.c...
compiling VDR_Usb.c...
compiling VDR_Gprs.c...
compiling VDR_Log.c...
compiling VDR_Coefficient.c...
compiling b_queue.c...
compiling font.c...
compiling printer.c...
compiling printer_test.c...
compiling ptr_stepmotor_ctrl.c...
compiling ptr_temperature.c...
compiling ptr_timer.c...
linking...
Program Size: Code=398240 RO-data=34204 RW-data=6168 ZI-data=83304  
FromELF: creating hex file...
After Build - User command #1: d:\Keil\ARM\ARMCC\bin\fromelf.exe --bin --output ./bin/GD32F1XX.bin ./obj/GD32F1XX.axf
".\Obj\GD32F1XX.axf" - 0 Error(s), 0 Warning(s).
Build Time Elapsed:  00:02:55
</pre>
</body>
</html>
